$ cd /f/gitWorkSpace/WeChat/
$ pws
$ git init
$ ls -lA

hkgit
hkgit@qq.com

$ git config user.name hk_pro
$ git config user.email hk_pro@qq.com

目录 ./.git/config

项目级别：本地库范围
$ git config --global user.name hk_glb
$ git config --global user.email hk_glb@qq.com

目录 ~/.gitconfig
$ cat .gitconfig

系统用户级别：登陆当前操作系统的用户范围
项目级别优先系统级别
都没有不行

$ git status

On branch master

No commits yet

Untracked files:
  (use "git add <file>..." to include in what will be committed)

        gitc.txt

nothing added to commit but untracked files present (use "git add" to track)

$ git add good.txt
$ git rm --cached good.txt
$ git commit good.txt

:sut nu







